// Jest Snapshot v1, https://goo.gl/fbAQLP

exports[`<ITunesCard /> should render and match the snapshot 1`] = `
<body>
  <div>
    <div
      class="ant-card ant-card-bordered ITunesCard__CustomCard-plw8mc-0 evgQKq"
      data-testid="i-tunes-card"
    >
      <div
        class="ant-card-body"
      >
        <p
          class="T__StyledText-gjlic1-0 kYcyRq"
          data-testid="collectionName"
        >
          Playing from: Uptown Special
        </p>
        <img
          alt="artwork"
          class="ITunesCard__CustomImg-plw8mc-3 kFrJkg"
          src="album-art-url"
        />
        <div
          class="ITunesCard__Wrapper-plw8mc-1 kevQCZ"
        >
          <button
            class="ITunesCard__CustomButton-plw8mc-2 dydca-D"
            data-testid="playButton"
          >
            <span
              aria-label="play-circle"
              class="anticon anticon-play-circle"
              role="img"
              style="font-size: 20px;"
            >
              <svg
                aria-hidden="true"
                data-icon="play-circle"
                fill="currentColor"
                focusable="false"
                height="1em"
                viewBox="64 64 896 896"
                width="1em"
              >
                <path
                  d="M512 64C264.6 64 64 264.6 64 512s200.6 448 448 448 448-200.6 448-448S759.4 64 512 64zm0 820c-205.4 0-372-166.6-372-372s166.6-372 372-372 372 166.6 372 372-166.6 372-372 372z"
                />
                <path
                  d="M719.4 499.1l-296.1-215A15.9 15.9 0 00398 297v430c0 13.1 14.8 20.5 25.3 12.9l296.1-215a15.9 15.9 0 000-25.8zm-257.6 134V390.9L628.5 512 461.8 633.1z"
                />
              </svg>
            </span>
          </button>
          <button
            class="ITunesCard__CustomButton-plw8mc-2 dydca-D"
            data-testid="pauseButton"
          >
            <span
              aria-label="pause-circle"
              class="anticon anticon-pause-circle"
              role="img"
              style="font-size: 20px;"
            >
              <svg
                aria-hidden="true"
                data-icon="pause-circle"
                fill="currentColor"
                focusable="false"
                height="1em"
                viewBox="64 64 896 896"
                width="1em"
              >
                <path
                  d="M512 64C264.6 64 64 264.6 64 512s200.6 448 448 448 448-200.6 448-448S759.4 64 512 64zm0 820c-205.4 0-372-166.6-372-372s166.6-372 372-372 372 166.6 372 372-166.6 372-372 372zm-88-532h-48c-4.4 0-8 3.6-8 8v304c0 4.4 3.6 8 8 8h48c4.4 0 8-3.6 8-8V360c0-4.4-3.6-8-8-8zm224 0h-48c-4.4 0-8 3.6-8 8v304c0 4.4 3.6 8 8 8h48c4.4 0 8-3.6 8-8V360c0-4.4-3.6-8-8-8z"
                />
              </svg>
            </span>
          </button>
        </div>
        <audio
          data-testid="audioElement"
          src="preview-url"
        />
        <p
          class="T__StyledText-gjlic1-0 liNLPV"
          data-testid="trackName"
        >
          Uptown Funk
        </p>
        <p
          class="T__StyledText-gjlic1-0 kYcyRq"
          data-testid="artistName"
        >
          Mark Ronson
        </p>
      </div>
    </div>
  </div>
</body>
`;
